
  [30;42;1m PASS [39;49;22m[39m Tests\Unit\ExampleTest[39m
  [32;1m✓[39;22m[90m [39m[90mthat true is true[39m[90m                                                                                    [39m [90m0.01s[39m  

  [30;42;1m PASS [39;49;22m[39m Tests\Feature\ExampleTest[39m
  [32;1m✓[39;22m[90m [39m[90mthe application returns a successful response[39m[90m                                                        [39m [90m2.02s[39m  

  [90mTests:[39m    [32;1m2 passed[39;22m[90m (2 assertions)[39m
  [90mDuration:[39m [39m18.76s[39m

